// Jest Snapshot v1, https://goo.gl/fbAQLP

exports[`should render FormBlock 1`] = `
<DocumentFragment>
  .c0 {
  display: -webkit-box;
  display: -webkit-flex;
  display: -ms-flexbox;
  display: flex;
  -webkit-flex-direction: column;
  -ms-flex-direction: column;
  flex-direction: column;
  width: 100%;
  margin-bottom: 1.5rem;
}

<div
    class="c0"
  />
</DocumentFragment>
`;
