// Jest Snapshot v1, https://goo.gl/fbAQLP

exports[`should render the label correctly 1`] = `
<DocumentFragment>
  <label
    class="sc-AxjAm ggatId"
  >
    test
  </label>
</DocumentFragment>
`;
